LEMUR root C:\Users\mailm\OneDrive\Desktop\practikum_nngpt_sql_workspace\nn-gpt
LEMUR / NNGPT integration tests
[SCOPE] task=img-classification dataset=celeba-gender metric=acc
[BENCH CFG] repeats=3 warmup=1 legacy_rows=20000 varN=10 varN_rows=500
[THRESH] legacy<60.0s varN<30.0s
[ANCHOR-BAND] N=5 bands=['high']
[PASS] legacy pairwise schema
                                                  nn  ...  accuracy_2
0        FractalNet-a8aaf206f695678d303ece2a642f1c67  ...    0.934125
1  ast-dimension-AlexNet-f6c63e490b286229e2cedf4c...  ...    0.939786
2                                             ga-229  ...    0.613566
3  ast-dimension-AlexNet-db2721b474168240d96eb533...  ...    0.916491
4                                             AirNet  ...    0.965334

[5 rows x 4 columns]
test_legacy_pairwise_schema took 3.6666 seconds
[PASS] SQL variable-N selection correctness
                                              nn  accuracy
0                                        DarkNet  0.982216
1                                     FractalNet  0.981565
2                                         AirNet  0.981415
3   AlexNet-69c52339-4eac-45f1-bbfe-2c51949701f1  0.981014
4  DenseNet-8dbe9c05-5dc8-4965-b194-dcc6fc7d8e67  0.980413
test_sql_variable_n_correctness took 3.1337 seconds
[TEST] Running anchor_band_correctness_all_bands (DB MinHash, auto-anchor, all bands)
[PASS] anchor-band 'high' correctness: min/max j = 0.953125/1.000000
                                            nn  accuracy  anchor_jaccard
0  AirNet-777bc9dc-e6c7-4bff-8be1-a1b02adea68f  0.975904        0.968750
1  AirNet-97f31e02-5bf8-4917-aca7-d947805e10f6  0.973399        1.000000
2         alt-51b404b1724dfac6265acc1a73ca3104  0.969242        0.953125
3  AirNet-626c3eb9-5c0a-43be-bcba-745592729769  0.955966        0.960938
4         alt-87326ef6d202e3673ecc082892c35496  0.609057        0.960938
test_anchor_band_correctness_all_bands took 1.8084 seconds
[INFO] correctness suite took 8.61s
[BENCH] legacy_perf: median=0.00s runs=[0.00, 0.00, 0.00] (task=img-classification, dataset=celeba-gender, metric=acc)
test_legacy_performance_smoke took 2.1472 seconds
[BENCH] sql_variable_n_perf: median=0.00s runs=[0.00, 0.00, 0.00] (task=img-classification, dataset=celeba-gender, metric=acc)
test_sql_variable_n_performance_smoke took 2.0095 seconds

ALL TESTS PASSED
